app/page.tsx(4,28): error TS2307: Cannot find module '@/components/pos/SyncStatus' or its corresponding type declarations.
app/page.tsx(5,21): error TS2307: Cannot find module '@/components/pos/POSView' or its corresponding type declarations.
app/page.tsx(6,23): error TS2307: Cannot find module '@/components/pos/AdminView' or its corresponding type declarations.
app/page.tsx(7,27): error TS2307: Cannot find module '@/components/pos/DashboardView' or its corresponding type declarations.
components/pos/AdminView.tsx(4,29): error TS2307: Cannot find module '@/store/pos-store' or its corresponding type declarations.
components/pos/AdminView.tsx(86,41): error TS7006: Parameter 'item' implicitly has an 'any' type.
components/pos/DashboardView.tsx(3,29): error TS2307: Cannot find module '@/store/pos-store' or its corresponding type declarations.
components/pos/DashboardView.tsx(9,41): error TS7006: Parameter 'state' implicitly has an 'any' type.
components/pos/DashboardView.tsx(11,48): error TS7006: Parameter 'sum' implicitly has an 'any' type.
components/pos/DashboardView.tsx(11,53): error TS7006: Parameter 'order' implicitly has an 'any' type.
components/pos/DashboardView.tsx(16,29): error TS7006: Parameter 'order' implicitly has an 'any' type.
components/pos/DashboardView.tsx(17,29): error TS7006: Parameter 'item' implicitly has an 'any' type.
components/pos/DashboardView.tsx(36,33): error TS7006: Parameter 'order' implicitly has an 'any' type.
components/pos/DashboardView.tsx(110,33): error TS2322: Type '(value: number) => [string, "Sales"]' is not assignable to type 'Formatter<number, "Sales"> & ((value: number, name: "Sales", item: Payload<number, "Sales">, index: number, payload: Payload<number, "Sales">[]) => ReactNode | [...])'.
  Type '(value: number) => [string, "Sales"]' is not assignable to type 'Formatter<number, "Sales">'.
    Types of parameters 'value' and 'value' are incompatible.
      Type 'number | undefined' is not assignable to type 'number'.
        Type 'undefined' is not assignable to type 'number'.
components/pos/POSView.tsx(3,29): error TS2307: Cannot find module '@/store/pos-store' or its corresponding type declarations.
components/pos/POSView.tsx(18,68): error TS7006: Parameter 'item' implicitly has an 'any' type.
components/pos/POSView.tsx(20,44): error TS7006: Parameter 'item' implicitly has an 'any' type.
components/pos/POSView.tsx(27,38): error TS7006: Parameter 'sum' implicitly has an 'any' type.
components/pos/POSView.tsx(27,43): error TS7006: Parameter 'item' implicitly has an 'any' type.
components/pos/POSView.tsx(56,33): error TS2322: Type 'unknown' is not assignable to type 'Key | null | undefined'.
components/pos/POSView.tsx(59,60): error TS2345: Argument of type 'unknown' is not assignable to parameter of type 'SetStateAction<string>'.
components/pos/POSView.tsx(61,33): error TS2322: Type 'unknown' is not assignable to type 'ReactNode'.
components/pos/POSView.tsx(69,44): error TS7006: Parameter 'item' implicitly has an 'any' type.
components/pos/POSView.tsx(102,30): error TS2304: Cannot find name 'ShoppingCart'.
components/pos/POSView.tsx(107,45): error TS7006: Parameter 'item' implicitly has an 'any' type.
components/pos/ReceiptModal.tsx(6,27): error TS2307: Cannot find module '@/lib/types' or its corresponding type declarations.
components/pos/SyncStatus.tsx(3,29): error TS2307: Cannot find module '@/store/pos-store' or its corresponding type declarations.
components/pos/SyncStatus.tsx(8,41): error TS7006: Parameter 'state' implicitly has an 'any' type.
store/pos-store.ts(2,44): error TS2307: Cannot find module '@/lib/types' or its corresponding type declarations.
store/pos-store.ts(3,30): error TS2307: Cannot find module 'uuid' or its corresponding type declarations.
